../Core/Src/main.c:85:5:main	8	static
../Core/Src/main.c:152:6:SystemClock_Config	88	static
../Core/Src/main.c:199:13:MX_USART2_UART_Init	8	static
../Core/Src/main.c:230:13:MX_DMA_Init	16	static
../Core/Src/main.c:251:13:MX_GPIO_Init	48	static
../Core/Src/main.c:280:6:CheckRising	64	static
../Core/Src/main.c:309:6:mainmenu	160	static
../Core/Src/main.c:328:6:detailscase0	256	static
../Core/Src/main.c:362:6:detailscase1	96	static
../Core/Src/main.c:380:6:functionstate	8	static
../Core/Src/main.c:445:6:DummyTask	16	static
../Core/Src/main.c:455:6:UARTDMAConfig	8	static
../Core/Src/main.c:460:6:HAL_UART_RxCpltCallback	16	static
../Core/Src/main.c:468:6:HAL_UART_TxCpltCallback	16	static
../Core/Src/main.c:481:6:Error_Handler	4	static,ignoring_inline_asm
