../Core/Src/main.c:82:5:main	8	static
../Core/Src/main.c:171:6:SystemClock_Config	88	static
../Core/Src/main.c:218:13:MX_USART2_UART_Init	8	static
../Core/Src/main.c:249:13:MX_DMA_Init	16	static
../Core/Src/main.c:270:13:MX_GPIO_Init	48	static
../Core/Src/main.c:299:6:CheckRising	32	static
../Core/Src/main.c:318:6:mainmenu	72	static
../Core/Src/main.c:335:6:detailscase0	96	static
../Core/Src/main.c:366:6:detailscase1	80	static
../Core/Src/main.c:384:6:DummyTask	16	static
../Core/Src/main.c:397:6:UARTDMAConfig	8	static
../Core/Src/main.c:402:6:HAL_UART_RxCpltCallback	16	static
../Core/Src/main.c:410:6:HAL_UART_TxCpltCallback	16	static
../Core/Src/main.c:423:6:Error_Handler	4	static,ignoring_inline_asm
